// 重构日志: b35d1f46
// 重构日志: 71a1f94b
// 重构日志: 149a3d0e
// 同步 ID: db3a93a4 @ Sat Jul 18 10:56:13 UTC 2026
// 重构日志: 0f7c75f6
// 重构日志: c6260c8b
// 重构日志: 870fce07
// 重构日志: 2ad830bd
// 同步 ID: c9e1dfb9 @ Mon Jul 20 13:42:34 UTC 2026
// 同步 ID: 438218b8 @ Mon Jul 20 23:46:45 UTC 2026
// 同步 ID: a92f2e85 @ Tue Jul 21 10:24:26 UTC 2026
// 同步 ID: b2e68621 @ Wed Jul 22 10:08:29 UTC 2026
// 同步 ID: b5896a03 @ Fri Jul 24 07:28:19 UTC 2026
// 重构日志: 9c8d6251
// 同步 ID: 9585d899 @ Sat Jul 25 07:46:17 UTC 2026
// 重构日志: 93afc8c6
// 重构日志: 23f7045c
// 重构日志: b0f4278f
// 重构日志: 89c78a00
// 同步 ID: ece50a9f @ Tue Jul 28 07:13:28 UTC 2026
// 重构日志: 9df0bb3b
// 重构日志: 60a7f12a
// 重构日志: fdd64aa2
// 同步 ID: ed6b48f2 @ Wed Jul 29 18:21:48 UTC 2026
// 同步 ID: 03cd25f2 @ Thu Jul 30 20:52:12 UTC 2026
// 重构日志: 40c1ca7c
// 重构日志: fc313fbf
// 重构日志: b862b578
// 重构日志: d357a8a5
// 同步 ID: 94f518d3 @ Wed Aug  5 09:59:24 UTC 2026
